// Jest Snapshot v1, https://goo.gl/fbAQLP

exports[`ResultsTable component should match the snapshot 1`] = `"<table class=\\"table\\"><thead><tr><th></th><th>Confirmed cases</th><th>Deaths</th><th>Recovered</th></tr></thead><tbody><tr><td>Total</td><td>20,505</td><td>666</td><td>6,415</td></tr></tbody></table>"`;
