// Jest Snapshot v1, https://goo.gl/fbAQLP

exports[`Home component should match the snapshot 1`] = `"<div class=\\"jumbotron\\"><h1>COVID-19 Data</h1><p>A free, open-source tool to search for up-to-date COVID-19 case information by country. </p><p>Data courtesy of <a href=\\"https://covid19api.com/\\" target=\\"_blank\\" rel=\\"noopener noreferrer\\">covid19api.com</a>.</p><p><a href=\\"#/countries\\" class=\\"btn btn-primary\\">Start searching</a></p></div>"`;
