// Jest Snapshot v1, https://goo.gl/fbAQLP

exports[`Header component should match the snapshot 1`] = `"<nav style=\\"margin-bottom: 2.5rem;\\" class=\\"navbar navbar-expand-md navbar-light\\"><a href=\\"#/home\\" class=\\"navbar-brand\\">COVID-19 Data</a><button aria-controls=\\"basic-navbar-nav\\" type=\\"button\\" aria-label=\\"Toggle navigation\\" class=\\"navbar-toggler collapsed\\"><span class=\\"navbar-toggler-icon\\"></span></button><div class=\\"navbar-collapse collapse\\" id=\\"basic-navbar-nav\\"><div class=\\"navbar-nav\\"><a href=\\"#/home\\" data-rb-event-key=\\"#/home\\" class=\\"nav-link\\">Home</a><a href=\\"#/countries\\" data-rb-event-key=\\"#/countries\\" class=\\"nav-link\\">Country List</a><a href=\\"#/search\\" data-rb-event-key=\\"#/search\\" class=\\"nav-link\\">Country Search</a><a href=\\"#/global\\" data-rb-event-key=\\"#/global\\" class=\\"nav-link\\">Global Summary</a><a href=\\"#/about\\" data-rb-event-key=\\"#/about\\" class=\\"nav-link\\">About</a></div></div></nav>"`;
