// Jest Snapshot v1, https://goo.gl/fbAQLP

exports[`SearchForm component should match the snapshot 1`] = `"<form class=\\"\\"><div class=\\"form-group\\"><h2 style=\\"margin-bottom: 1.5rem;\\">Country Search</h2><input placeholder=\\"Search by country name\\" name=\\"searchString\\" required=\\"\\" type=\\"text\\" class=\\"form-control form-control-lg\\" value=\\"United States\\"><small class=\\"text-muted form-text\\">Search by full or partial country name. No abbreviations, i.e., \\"United States\\", not \\"USA\\".</small></div><button type=\\"submit\\" class=\\"btn btn-primary\\">Submit</button></form>"`;
